RegionCN470.c:83:17:GetBandwidth	0	static
RegionCN470.c:131:20:GetTimeOnAir	32	static
RegionCN470.c:107:13:VerifyRfFreq	8	static
RegionCN470.c:139:12:RegionCN470GetPhyParam	16	static
RegionCN470.c:347:6:RegionCN470SetBandTxDone	16	static
RegionCN470.c:353:6:RegionCN470InitDefaults	40	static
RegionCN470.c:455:7:RegionCN470GetNvmCtx	0	static
RegionCN470.c:461:6:RegionCN470Verify	8	static
RegionCN470.c:493:6:RegionCN470ApplyCFList	12	static
RegionCN470.c:515:6:RegionCN470ChanMaskSet	8	static
RegionCN470.c:535:6:RegionCN470ComputeRxWindowParameters	32	static
RegionCN470.c:550:6:RegionCN470RxConfig	80	static
RegionCN470.c:594:6:RegionCN470TxConfig	88	static
RegionCN470.c:620:9:RegionCN470LinkAdrReq	112	static
RegionCN470.c:719:9:RegionCN470RxParamSetupReq	16	static
RegionCN470.c:744:9:RegionCN470NewChannelReq	0	static
RegionCN470.c:750:8:RegionCN470TxParamSetupReq	0	static
RegionCN470.c:755:9:RegionCN470DlChannelReq	0	static
RegionCN470.c:760:8:RegionCN470AlternateDr	0	static
RegionCN470.c:765:17:RegionCN470NextChannel	208	static
RegionCN470.c:825:17:RegionCN470ChannelAdd	0	static
RegionCN470.c:830:6:RegionCN470ChannelsRemove	0	static
RegionCN470.c:835:6:RegionCN470SetContinuousWave	16	static
RegionCN470.c:847:9:RegionCN470ApplyDrOffset	0	static
RegionCN470.c:858:6:RegionCN470RxBeaconSetup	32	static
