sys_app.c:314:13:tiny_snprintf_like.constprop	16	static
sys_app.c:239:13:TimestampNow	32	static
sys_app.c:100:6:SystemApp_Init	48	static
sys_app.c:151:6:UTIL_SEQ_Idle	0	static
sys_app.c:162:9:GetBatteryLevel	16	static
sys_app.c:196:10:GetTemperatureLevel	8	static
sys_app.c:207:6:GetUniqueId	16	static
sys_app.c:229:10:GetDevAddr	8	static
sys_app.c:292:6:UTIL_ADV_TRACE_PreSendHook	0	static
sys_app.c:303:6:UTIL_ADV_TRACE_PostSendHook	0	static
sys_app.c:339:19:HAL_InitTick	0	static
sys_app.c:356:10:HAL_GetTick	0	static
sys_app.c:372:6:HAL_Delay	8	static
